[    5300ms] [LOG] %cINFO background:#4CAF50;color: #111;padding:0 5px;border-radius:10px loading localStorage config @ https://monkeytype.com/js/monkeytype-utils.BRIPw7Ni.js:3
[    5342ms] [LOG] %cINFO background:#4CAF50;color: #111;padding:0 5px;border-radius:10px saving full config to localStorage @ https://monkeytype.com/js/monkeytype-utils.BRIPw7Ni.js:3
[    5654ms] [LOG] %cINFO background:#4CAF50;color: #111;padding:0 5px;border-radius:10px changing page test @ https://monkeytype.com/js/monkeytype-utils.BRIPw7Ni.js:3
[    5655ms] [LOG] %cINFO background:#4CAF50;color: #111;padding:0 5px;border-radius:10px Activating Analytics @ https://monkeytype.com/js/monkeytype-utils.BRIPw7Ni.js:3
[    5656ms] [LOG] %cINFO background:#4CAF50;color: #111;padding:0 5px;border-radius:10px Activating Sentry @ https://monkeytype.com/js/monkeytype-utils.BRIPw7Ni.js:3
[    5740ms] [LOG] %cINFO background:#4CAF50;color: #111;padding:0 5px;border-radius:10px ServiceWorker registration successful with scope:  https://monkeytype.com/ @ https://monkeytype.com/js/monkeytype-utils.BRIPw7Ni.js:3
[    5777ms] [LOG] %cINFO background:#4CAF50;color: #111;padding:0 5px;border-radius:10px Inializing test {language: Object, customText: Object, mode: time, mode2: 30, funbox: Array(0)} @ https://monkeytype.com/js/monkeytype-utils.BRIPw7Ni.js:3
[    6183ms] [INFO] [PageOS]:[Confiant] Loading Confiant CDN script for property "TQKqBEtrLKQeEixRZzZ_NmOAgjo" https://cdn.confiant-integrations.net/TQKqBEtrLKQeEixRZzZ_NmOAgjo/gpt_and_prebid/config.js @ https://monkeytype.com/js/vendor-sentry.DBAmgeav.js:3
[    6603ms] [LOG] %cINFO background:#4CAF50;color: #111;padding:0 5px;border-radius:10px [48, 0, 1, undefined] @ https://monkeytype.com/js/monkeytype-utils.BRIPw7Ni.js:3
[    6603ms] [LOG] %cINFO background:#4CAF50;color: #111;padding:0 5px;border-radius:10px [48, 0, 1, undefined] @ https://monkeytype.com/js/monkeytype-utils.BRIPw7Ni.js:3
[    6912ms] [ERROR] Failed to load resource: the server responded with a status of 451 () @ https://api.rlcdn.com/api/identity/envelope?pid=13250:0
[    8750ms] [WARNING] The resource https://monkeytype.com/css/standalone.BowSyp6T.css was preloaded using link preload but not used within a few seconds from the window's load event. Please make sure it has an appropriate `as` value and it is preloaded intentionally. @ https://monkeytype.com/:0
[   12156ms] [LOG] %cINFO background:#4CAF50;color: #111;padding:0 5px;border-radius:10px Inializing test {language: Object, customText: Object, mode: time, mode2: 30, funbox: Array(0)} @ https://monkeytype.com/js/monkeytype-utils.BRIPw7Ni.js:3
[   14302ms] [ERROR] Failed to load resource: net::ERR_TOO_MANY_REDIRECTS @ https://match.prod.bidr.io/cookie-sync/id5?us_privacy=&gdpr=0&gdpr_consent=&_bee_ppp=1:0
[   14639ms] [LOG] %cINFO background:#4CAF50;color: #111;padding:0 5px;border-radius:10px Inializing test {language: Object, customText: Object, mode: time, mode2: 30, funbox: Array(0)} @ https://monkeytype.com/js/monkeytype-utils.BRIPw7Ni.js:3
[   19222ms] [WARNING] The resource https://monkeytype.com/css/standalone.BowSyp6T.css was preloaded using link preload but not used within a few seconds from the window's load event. Please make sure it has an appropriate `as` value and it is preloaded intentionally. @ https://monkeytype.com/:0
[   23382ms] [WARNING] The resource https://monkeytype.com/css/standalone.BowSyp6T.css was preloaded using link preload but not used within a few seconds from the window's load event. Please make sure it has an appropriate `as` value and it is preloaded intentionally. @ https://monkeytype.com/:0
[   24341ms] [LOG] %cINFO background:#4CAF50;color: #111;padding:0 5px;border-radius:10px Inializing test {language: Object, customText: Object, mode: time, mode2: 30, funbox: Array(0)} @ https://monkeytype.com/js/monkeytype-utils.BRIPw7Ni.js:3
[   27606ms] [ERROR] Failed to load resource: net::ERR_CONNECTION_TIMED_OUT @ https://gum.criteo.com/sid/json?origin=prebid&topUrl=https%3A%2F%2Fmonkeytype.com%2F&domain=monkeytype.com&bundle=dxcR6V9zdyUyRjJWNlNQcHN3MUM4Tlh4aW5Hc0Q3NlFBeEo2Y0w0WjVWS2dRYThydmY2N3lqTk9DaVFUZmlCTUlVcHklMkJRNTVLcUlCcjU5dkFyME5IcjdIbFpFc25saUFvNFVKUDZSWjVIbjBDYnJmendFV1l4d2ZkdXVFJTJGaVBaS00lMkI3MmJpakV2cSUyRlQzU0FOcDg0TGNSUWU4SVdBJTNEJTNE&cw=1&lsw=1:0
[   28847ms] [LOG] %cINFO background:#4CAF50;color: #111;padding:0 5px;border-radius:10px Inializing test {language: Object, customText: Object, mode: time, mode2: 30, funbox: Array(0)} @ https://monkeytype.com/js/monkeytype-utils.BRIPw7Ni.js:3
[   33487ms] [WARNING] The resource https://monkeytype.com/css/standalone.BowSyp6T.css was preloaded using link preload but not used within a few seconds from the window's load event. Please make sure it has an appropriate `as` value and it is preloaded intentionally. @ https://monkeytype.com/:0
[   60009ms] [LOG] %cINFO background:#4CAF50;color: #111;padding:0 5px;border-radius:10px [48, 0, 1, 0] @ https://monkeytype.com/js/monkeytype-utils.BRIPw7Ni.js:3
[   60010ms] [LOG] %cINFO background:#4CAF50;color: #111;padding:0 5px;border-radius:10px [48, 0, 1, 0] @ https://monkeytype.com/js/monkeytype-utils.BRIPw7Ni.js:3
[   60272ms] [ERROR] Failed to load resource: the server responded with a status of 400 () @ https://pbs.intergient.com/cookie_sync:0
[   61571ms] [WARNING] %cWRN background:#FFC107;color: #111;padding:0 5px;border-radius:10px [GPT] Slot.updateTargetingFromMap is deprecated, use Slot.setConfig({targeting: ...}) instead.
https://goo.gle/gpt-message#171 @ https://monkeytype.com/js/monkeytype-utils.BRIPw7Ni.js:3
[   63913ms] [WARNING] The resource https://monkeytype.com/css/standalone.BowSyp6T.css was preloaded using link preload but not used within a few seconds from the window's load event. Please make sure it has an appropriate `as` value and it is preloaded intentionally. @ https://monkeytype.com/:0
[   65707ms] [LOG] %cINFO background:#4CAF50;color: #111;padding:0 5px;border-radius:10px Inializing test {language: Object, customText: Object, mode: time, mode2: 30, funbox: Array(0)} @ https://monkeytype.com/js/monkeytype-utils.BRIPw7Ni.js:3
[   67846ms] [LOG] %cINFO background:#4CAF50;color: #111;padding:0 5px;border-radius:10px Inializing test {language: Object, customText: Object, mode: time, mode2: 15, funbox: Array(0)} @ https://monkeytype.com/js/monkeytype-utils.BRIPw7Ni.js:3
[   70450ms] [ERROR] Failed to load resource: net::ERR_NAME_NOT_RESOLVED @ https://dps.jp.cinarra.com/pxd?PLATFORM_ID=1&USER_ID=6cdb302e-6460-80b8-cf6a-21d8c24cc0cf:0
[   70795ms] [ERROR] Failed to load resource: the server responded with a status of 400 () @ https://match.prod.bidr.io/cookie-sync/richaudience?gdpr=0&gdpr_consent=:0
[   70988ms] [ERROR] Failed to load resource: the server responded with a status of 400 () @ https://match.prod.bidr.io/cookie-sync/see:0
[   71007ms] [ERROR] Failed to load resource: the server responded with a status of 424 (Failed Dependency) @ https://t.adx.opera.com/pub/sync?pubid=pub10101531197440&gdpr=1&gdpr_consent=:0
[   71007ms] [ERROR] Failed to load resource: the server responded with a status of 424 (Failed Dependency) @ https://t.adx.opera.com/pub/sync?pubid=pub10101531197440&gdpr=1&gdpr_consent=:0
[   71377ms] [ERROR] Failed to load resource: the server responded with a status of 502 () @ https://simage2.pubmatic.com/AdServer/Pug?vcode=bz0yJnR5cGU9MSZjb2RlPTM0MzEmdGw9MTI5NjAw&piggybackCookie=jj4BGqW4Vl5wCkAzckRyDXqhNT8&gdpr=0&gdpr_consent=:0
[   71007ms] [ERROR] Failed to load resource: the server responded with a status of 424 (Failed Dependency) @ https://t.adx.opera.com/pub/sync?pubid=pub10101531197440&gdpr=1&gdpr_consent=:0
[   71007ms] [ERROR] Failed to load resource: the server responded with a status of 424 (Failed Dependency) @ https://t.adx.opera.com/pub/sync?pubid=pub10101531197440&gdpr=1&gdpr_consent=:0
[   71007ms] [ERROR] Failed to load resource: the server responded with a status of 424 (Failed Dependency) @ https://t.adx.opera.com/pub/sync?pubid=pub10101531197440&gdpr=1&gdpr_consent=:0
[   71007ms] [ERROR] Failed to load resource: the server responded with a status of 424 (Failed Dependency) @ https://t.adx.opera.com/pub/sync?pubid=pub10101531197440&gdpr=1&gdpr_consent=:0
[   71007ms] [ERROR] Failed to load resource: the server responded with a status of 424 (Failed Dependency) @ https://t.adx.opera.com/pub/sync?pubid=pub10101531197440&gdpr=1&gdpr_consent=:0
[   72344ms] [ERROR] Failed to load resource: the server responded with a status of 404 () @ https://id5-sync.com/k/1280.gif?puid=jj4BGqW4Vl5wCkAzckRyDXqhNT8&gdpr=0&gdpr_consent=&us_privacy=:0
[   72686ms] [LOG] %cINFO background:#4CAF50;color: #111;padding:0 5px;border-radius:10px Inializing test {language: Object, customText: Object, mode: time, mode2: 15, funbox: Array(0)} @ https://monkeytype.com/js/monkeytype-utils.BRIPw7Ni.js:3
[   70795ms] [ERROR] Failed to load resource: the server responded with a status of 400 () @ https://match.prod.bidr.io/cookie-sync/richaudience?gdpr=0&gdpr_consent=:0
[   83455ms] [ERROR] Failed to load resource: net::ERR_CONNECTION_TIMED_OUT @ https://gum.criteo.com/sid/json?origin=prebid&topUrl=https%3A%2F%2Fmonkeytype.com%2F&domain=monkeytype.com&bundle=dxcR6V9zdyUyRjJWNlNQcHN3MUM4Tlh4aW5Hc0Q3NlFBeEo2Y0w0WjVWS2dRYThydmY2N3lqTk9DaVFUZmlCTUlVcHklMkJRNTVLcUlCcjU5dkFyME5IcjdIbFpFc25saUFvNFVKUDZSWjVIbjBDYnJmendFV1l4d2ZkdXVFJTJGaVBaS00lMkI3MmJpakV2cSUyRlQzU0FOcDg0TGNSUWU4SVdBJTNEJTNE&cw=1&lsw=1&us_privacy=1---:0
[   86741ms] [LOG] %cINFO background:#4CAF50;color: #111;padding:0 5px;border-radius:10px Inializing test {language: Object, customText: Object, mode: time, mode2: 15, funbox: Array(0)} @ https://monkeytype.com/js/monkeytype-utils.BRIPw7Ni.js:3
[   91144ms] [LOG] %cINFO background:#4CAF50;color: #111;padding:0 5px;border-radius:10px Inializing test {language: Object, customText: Object, mode: time, mode2: 15, funbox: Array(0)} @ https://monkeytype.com/js/monkeytype-utils.BRIPw7Ni.js:3
[   93165ms] [LOG] %cINFO background:#4CAF50;color: #111;padding:0 5px;border-radius:10px Inializing test {language: Object, customText: Object, mode: time, mode2: 15, funbox: Array(0)} @ https://monkeytype.com/js/monkeytype-utils.BRIPw7Ni.js:3
[  102484ms] [LOG] %cINFO background:#4CAF50;color: #111;padding:0 5px;border-radius:10px Inializing test {language: Object, customText: Object, mode: time, mode2: 15, funbox: Array(0)} @ https://monkeytype.com/js/monkeytype-utils.BRIPw7Ni.js:3
[  106678ms] [LOG] %cINFO background:#4CAF50;color: #111;padding:0 5px;border-radius:10px Inializing test {language: Object, customText: Object, mode: time, mode2: 15, funbox: Array(0)} @ https://monkeytype.com/js/monkeytype-utils.BRIPw7Ni.js:3
[  114892ms] [ERROR] Failed to load resource: net::ERR_CONNECTION_TIMED_OUT @ https://ads.yieldmo.com/pbsync?is=adptmx&gdpr=0&gdpr_consent=&us_privacy=1---&redirectUri=https%3A%2F%2Fsea1-sync.a-mo.net%2Fsetuid%3Fbidder%3Dyieldmo%26A%3D38f19c71-2468-4e66-afb7-026f85146bbb%26uid%3D%24UID:0
[  117911ms] [WARNING] The resource https://monkeytype.com/css/standalone.BowSyp6T.css was preloaded using link preload but not used within a few seconds from the window's load event. Please make sure it has an appropriate `as` value and it is preloaded intentionally. @ https://monkeytype.com/:0
[  123200ms] [LOG] %cINFO background:#4CAF50;color: #111;padding:0 5px;border-radius:10px Inializing test {language: Object, customText: Object, mode: time, mode2: 15, funbox: Array(0)} @ https://monkeytype.com/js/monkeytype-utils.BRIPw7Ni.js:3
[  129401ms] [WARNING] The resource https://monkeytype.com/css/standalone.BowSyp6T.css was preloaded using link preload but not used within a few seconds from the window's load event. Please make sure it has an appropriate `as` value and it is preloaded intentionally. @ https://monkeytype.com/:0
[   71007ms] [ERROR] Failed to load resource: the server responded with a status of 424 (Failed Dependency) @ https://t.adx.opera.com/pub/sync?pubid=pub10101531197440&gdpr=1&gdpr_consent=:0
[  133755ms] [WARNING] The resource https://monkeytype.com/css/standalone.BowSyp6T.css was preloaded using link preload but not used within a few seconds from the window's load event. Please make sure it has an appropriate `as` value and it is preloaded intentionally. @ https://monkeytype.com/:0
[  140346ms] [WARNING] %cWRN background:#FFC107;color: #111;padding:0 5px;border-radius:10px [GPT] Interstitial /154013155,22465280235/1024888/74058/publisher:1024888-website:74058-web_interstitial not requested: Format already created on the page.
https://goo.gle/gpt-message#134 @ https://monkeytype.com/js/monkeytype-utils.BRIPw7Ni.js:3
[  140358ms] [LOG] %cINFO background:#4CAF50;color: #111;padding:0 5px;border-radius:10px Inializing test {language: Object, customText: Object, mode: time, mode2: 15, funbox: Array(0)} @ https://monkeytype.com/js/monkeytype-utils.BRIPw7Ni.js:3
[  143905ms] [WARNING] The resource https://monkeytype.com/css/standalone.BowSyp6T.css was preloaded using link preload but not used within a few seconds from the window's load event. Please make sure it has an appropriate `as` value and it is preloaded intentionally. @ https://monkeytype.com/:0
[  144928ms] [LOG] %cINFO background:#4CAF50;color: #111;padding:0 5px;border-radius:10px Inializing test {language: Object, customText: Object, mode: time, mode2: 15, funbox: Array(0)} @ https://monkeytype.com/js/monkeytype-utils.BRIPw7Ni.js:3
[  149201ms] [WARNING] The resource https://monkeytype.com/css/standalone.BowSyp6T.css was preloaded using link preload but not used within a few seconds from the window's load event. Please make sure it has an appropriate `as` value and it is preloaded intentionally. @ https://monkeytype.com/:0
[  154539ms] [WARNING] The resource https://monkeytype.com/css/standalone.BowSyp6T.css was preloaded using link preload but not used within a few seconds from the window's load event. Please make sure it has an appropriate `as` value and it is preloaded intentionally. @ https://monkeytype.com/:0
[  162504ms] [LOG] %cINFO background:#4CAF50;color: #111;padding:0 5px;border-radius:10px Inializing test {language: Object, customText: Object, mode: time, mode2: 15, funbox: Array(0)} @ https://monkeytype.com/js/monkeytype-utils.BRIPw7Ni.js:3
[  164824ms] [LOG] %cINFO background:#4CAF50;color: #111;padding:0 5px;border-radius:10px Inializing test {language: Object, customText: Object, mode: time, mode2: 15, funbox: Array(0)} @ https://monkeytype.com/js/monkeytype-utils.BRIPw7Ni.js:3
[  167719ms] [LOG] %cINFO background:#4CAF50;color: #111;padding:0 5px;border-radius:10px Inializing test {language: Object, customText: Object, mode: time, mode2: 15, funbox: Array(0)} @ https://monkeytype.com/js/monkeytype-utils.BRIPw7Ni.js:3
[  167838ms] [WARNING] The resource https://monkeytype.com/css/standalone.BowSyp6T.css was preloaded using link preload but not used within a few seconds from the window's load event. Please make sure it has an appropriate `as` value and it is preloaded intentionally. @ https://monkeytype.com/:0
[  169296ms] [LOG] %cINFO background:#4CAF50;color: #111;padding:0 5px;border-radius:10px Inializing test {language: Object, customText: Object, mode: time, mode2: 15, funbox: Array(0)} @ https://monkeytype.com/js/monkeytype-utils.BRIPw7Ni.js:3
[  171594ms] [LOG] %cINFO background:#4CAF50;color: #111;padding:0 5px;border-radius:10px Inializing test {language: Object, customText: Object, mode: time, mode2: 15, funbox: Array(0)} @ https://monkeytype.com/js/monkeytype-utils.BRIPw7Ni.js:3
[  171770ms] [WARNING] The resource https://monkeytype.com/css/standalone.BowSyp6T.css was preloaded using link preload but not used within a few seconds from the window's load event. Please make sure it has an appropriate `as` value and it is preloaded intentionally. @ https://monkeytype.com/:0
[  174865ms] [LOG] %cINFO background:#4CAF50;color: #111;padding:0 5px;border-radius:10px Inializing test {language: Object, customText: Object, mode: time, mode2: 15, funbox: Array(0)} @ https://monkeytype.com/js/monkeytype-utils.BRIPw7Ni.js:3
[  178171ms] [WARNING] The resource https://monkeytype.com/css/standalone.BowSyp6T.css was preloaded using link preload but not used within a few seconds from the window's load event. Please make sure it has an appropriate `as` value and it is preloaded intentionally. @ https://monkeytype.com/:0
[  179921ms] [LOG] %cINFO background:#4CAF50;color: #111;padding:0 5px;border-radius:10px Inializing test {language: Object, customText: Object, mode: time, mode2: 15, funbox: Array(0)} @ https://monkeytype.com/js/monkeytype-utils.BRIPw7Ni.js:3
[  181566ms] [LOG] %cINFO background:#4CAF50;color: #111;padding:0 5px;border-radius:10px Inializing test {language: Object, customText: Object, mode: time, mode2: 15, funbox: Array(0)} @ https://monkeytype.com/js/monkeytype-utils.BRIPw7Ni.js:3
[  183644ms] [WARNING] The resource https://monkeytype.com/css/standalone.BowSyp6T.css was preloaded using link preload but not used within a few seconds from the window's load event. Please make sure it has an appropriate `as` value and it is preloaded intentionally. @ https://monkeytype.com/:0
[  186748ms] [LOG] %cINFO background:#4CAF50;color: #111;padding:0 5px;border-radius:10px Inializing test {language: Object, customText: Object, mode: time, mode2: 15, funbox: Array(0)} @ https://monkeytype.com/js/monkeytype-utils.BRIPw7Ni.js:3
