[ 2573826ms] [INFO] %cDownload the React DevTools for a better development experience: https://react.dev/link/react-devtools font-weight:bold @ http://localhost:5173/node_modules/.vite/deps/react-dom_client.js?v=a60b3a79:14336
[ 3010222ms] [INFO] %cDownload the React DevTools for a better development experience: https://react.dev/link/react-devtools font-weight:bold @ http://localhost:5173/node_modules/.vite/deps/react-dom_client.js?v=a60b3a79:14336
[ 3323332ms] ReferenceError: cellInputCls is not defined
    at http://localhost:5173/src/pages/projects.tsx?t=1790779752857:581:23
    at Array.map (<anonymous>)
    at Projects (http://localhost:5173/src/pages/projects.tsx?t=1790779752857:531:72)
    at Object.react_stack_bottom_frame (http://localhost:5173/node_modules/.vite/deps/react-dom_client.js?v=a60b3a79:12867:12)
    at renderWithHooks (http://localhost:5173/node_modules/.vite/deps/react-dom_client.js?v=a60b3a79:4212:19)
    at updateFunctionComponent (http://localhost:5173/node_modules/.vite/deps/react-dom_client.js?v=a60b3a79:5568:16)
    at beginWork (http://localhost:5173/node_modules/.vite/deps/react-dom_client.js?v=a60b3a79:6139:20)
    at runWithFiberInDEV (http://localhost:5173/node_modules/.vite/deps/react-dom_client.js?v=a60b3a79:850:66)
    at performUnitOfWork (http://localhost:5173/node_modules/.vite/deps/react-dom_client.js?v=a60b3a79:8428:92)
    at workLoopSync (http://localhost:5173/node_modules/.vite/deps/react-dom_client.js?v=a60b3a79:8324:37)
[ 3323331ms] [WARNING] %s

%s
 An error occurred in the <Projects> component. Consider adding an error boundary to your tree to customize error handling behavior.
Visit https://react.dev/link/error-boundaries to learn more about error boundaries. @ http://localhost:5173/node_modules/.vite/deps/react-dom_client.js?v=a60b3a79:5256
[ 3442152ms] [ERROR] Failed to load resource: net::ERR_CONNECTION_RESET @ http://localhost:3000/notifications/stream?token=eyJhbGciOiJIUzI1NiIsInR5cCI6IkpXVCJ9.eyJzdWIiOiJjbXQxMHN1OWwwMDAyY3d2dGVwMm1nNmJzIiwiaWF0IjoxNzkwNzc5MDIyLCJleHAiOjE3OTEzODM4MjJ9.q8rFUVZcP0Ur6HYYWm6h1Yls_ExN1ZL_uLiNXEbMXn4:0
[ 3445167ms] [ERROR] Failed to load resource: net::ERR_CONNECTION_REFUSED @ http://localhost:3000/notifications/stream?token=eyJhbGciOiJIUzI1NiIsInR5cCI6IkpXVCJ9.eyJzdWIiOiJjbXQxMHN1OWwwMDAyY3d2dGVwMm1nNmJzIiwiaWF0IjoxNzkwNzc5MDIyLCJleHAiOjE3OTEzODM4MjJ9.q8rFUVZcP0Ur6HYYWm6h1Yls_ExN1ZL_uLiNXEbMXn4:0
[ 3450175ms] [ERROR] Failed to load resource: net::ERR_CONNECTION_RESET @ http://localhost:3000/notifications/stream?token=eyJhbGciOiJIUzI1NiIsInR5cCI6IkpXVCJ9.eyJzdWIiOiJjbXQxMHN1OWwwMDAyY3d2dGVwMm1nNmJzIiwiaWF0IjoxNzkwNzc5MDIyLCJleHAiOjE3OTEzODM4MjJ9.q8rFUVZcP0Ur6HYYWm6h1Yls_ExN1ZL_uLiNXEbMXn4:0
[ 3465644ms] [ERROR] Failed to load resource: net::ERR_CONNECTION_RESET @ http://localhost:3000/notifications/stream?token=eyJhbGciOiJIUzI1NiIsInR5cCI6IkpXVCJ9.eyJzdWIiOiJjbXQxMHN1OWwwMDAyY3d2dGVwMm1nNmJzIiwiaWF0IjoxNzkwNzc5MDIyLCJleHAiOjE3OTEzODM4MjJ9.q8rFUVZcP0Ur6HYYWm6h1Yls_ExN1ZL_uLiNXEbMXn4:0
[ 3473234ms] [ERROR] Failed to load resource: net::ERR_CONNECTION_RESET @ http://localhost:3000/notifications/stream?token=eyJhbGciOiJIUzI1NiIsInR5cCI6IkpXVCJ9.eyJzdWIiOiJjbXQxMHN1OWwwMDAyY3d2dGVwMm1nNmJzIiwiaWF0IjoxNzkwNzc5MDIyLCJleHAiOjE3OTEzODM4MjJ9.q8rFUVZcP0Ur6HYYWm6h1Yls_ExN1ZL_uLiNXEbMXn4:0
[ 3497525ms] [ERROR] Failed to load resource: net::ERR_CONNECTION_RESET @ http://localhost:3000/notifications/stream?token=eyJhbGciOiJIUzI1NiIsInR5cCI6IkpXVCJ9.eyJzdWIiOiJjbXQxMHN1OWwwMDAyY3d2dGVwMm1nNmJzIiwiaWF0IjoxNzkwNzc5MDIyLCJleHAiOjE3OTEzODM4MjJ9.q8rFUVZcP0Ur6HYYWm6h1Yls_ExN1ZL_uLiNXEbMXn4:0
[ 3500533ms] [ERROR] Failed to load resource: net::ERR_CONNECTION_REFUSED @ http://localhost:3000/notifications/stream?token=eyJhbGciOiJIUzI1NiIsInR5cCI6IkpXVCJ9.eyJzdWIiOiJjbXQxMHN1OWwwMDAyY3d2dGVwMm1nNmJzIiwiaWF0IjoxNzkwNzc5MDIyLCJleHAiOjE3OTEzODM4MjJ9.q8rFUVZcP0Ur6HYYWm6h1Yls_ExN1ZL_uLiNXEbMXn4:0
[ 3541082ms] ReferenceError: missingCls is not defined
    at http://localhost:5173/src/pages/projects.tsx?t=1790779970661:593:69
    at Array.map (<anonymous>)
    at Projects (http://localhost:5173/src/pages/projects.tsx?t=1790779970661:543:72)
    at Object.react_stack_bottom_frame (http://localhost:5173/node_modules/.vite/deps/react-dom_client.js?v=a60b3a79:12867:12)
    at renderWithHooks (http://localhost:5173/node_modules/.vite/deps/react-dom_client.js?v=a60b3a79:4212:19)
    at updateFunctionComponent (http://localhost:5173/node_modules/.vite/deps/react-dom_client.js?v=a60b3a79:5568:16)
    at beginWork (http://localhost:5173/node_modules/.vite/deps/react-dom_client.js?v=a60b3a79:6139:20)
    at runWithFiberInDEV (http://localhost:5173/node_modules/.vite/deps/react-dom_client.js?v=a60b3a79:850:66)
    at performUnitOfWork (http://localhost:5173/node_modules/.vite/deps/react-dom_client.js?v=a60b3a79:8428:92)
    at workLoopSync (http://localhost:5173/node_modules/.vite/deps/react-dom_client.js?v=a60b3a79:8324:37)
[ 3541081ms] [WARNING] %s

%s
 An error occurred in the <Projects> component. Consider adding an error boundary to your tree to customize error handling behavior.
Visit https://react.dev/link/error-boundaries to learn more about error boundaries. @ http://localhost:5173/node_modules/.vite/deps/react-dom_client.js?v=a60b3a79:5256
[ 3543990ms] ReferenceError: missingCls is not defined
    at http://localhost:5173/src/pages/projects.tsx?t=1790779972779:593:69
    at Array.map (<anonymous>)
    at Projects (http://localhost:5173/src/pages/projects.tsx?t=1790779972779:543:72)
    at Object.react_stack_bottom_frame (http://localhost:5173/node_modules/.vite/deps/react-dom_client.js?v=a60b3a79:12867:12)
    at renderWithHooks (http://localhost:5173/node_modules/.vite/deps/react-dom_client.js?v=a60b3a79:4212:19)
    at updateFunctionComponent (http://localhost:5173/node_modules/.vite/deps/react-dom_client.js?v=a60b3a79:5568:16)
    at beginWork (http://localhost:5173/node_modules/.vite/deps/react-dom_client.js?v=a60b3a79:6139:20)
    at runWithFiberInDEV (http://localhost:5173/node_modules/.vite/deps/react-dom_client.js?v=a60b3a79:850:66)
    at performUnitOfWork (http://localhost:5173/node_modules/.vite/deps/react-dom_client.js?v=a60b3a79:8428:92)
    at workLoopSync (http://localhost:5173/node_modules/.vite/deps/react-dom_client.js?v=a60b3a79:8324:37)
[ 3543988ms] [WARNING] %s

%s
 An error occurred in the <Projects> component. Consider adding an error boundary to your tree to customize error handling behavior.
Visit https://react.dev/link/error-boundaries to learn more about error boundaries. @ http://localhost:5173/node_modules/.vite/deps/react-dom_client.js?v=a60b3a79:5256
[ 4877647ms] [ERROR] Failed to load resource: net::ERR_CONNECTION_RESET @ http://localhost:3000/notifications/stream?token=eyJhbGciOiJIUzI1NiIsInR5cCI6IkpXVCJ9.eyJzdWIiOiJjbXQxMHN1OWwwMDAyY3d2dGVwMm1nNmJzIiwiaWF0IjoxNzkwNzc5MDIyLCJleHAiOjE3OTEzODM4MjJ9.q8rFUVZcP0Ur6HYYWm6h1Yls_ExN1ZL_uLiNXEbMXn4:0
[ 4880663ms] [ERROR] Failed to load resource: net::ERR_CONNECTION_REFUSED @ http://localhost:3000/notifications/stream?token=eyJhbGciOiJIUzI1NiIsInR5cCI6IkpXVCJ9.eyJzdWIiOiJjbXQxMHN1OWwwMDAyY3d2dGVwMm1nNmJzIiwiaWF0IjoxNzkwNzc5MDIyLCJleHAiOjE3OTEzODM4MjJ9.q8rFUVZcP0Ur6HYYWm6h1Yls_ExN1ZL_uLiNXEbMXn4:0
[ 4896913ms] [ERROR] Failed to load resource: net::ERR_CONNECTION_RESET @ http://localhost:3000/notifications/stream?token=eyJhbGciOiJIUzI1NiIsInR5cCI6IkpXVCJ9.eyJzdWIiOiJjbXQxMHN1OWwwMDAyY3d2dGVwMm1nNmJzIiwiaWF0IjoxNzkwNzc5MDIyLCJleHAiOjE3OTEzODM4MjJ9.q8rFUVZcP0Ur6HYYWm6h1Yls_ExN1ZL_uLiNXEbMXn4:0
[ 4899920ms] [ERROR] Failed to load resource: net::ERR_CONNECTION_REFUSED @ http://localhost:3000/notifications/stream?token=eyJhbGciOiJIUzI1NiIsInR5cCI6IkpXVCJ9.eyJzdWIiOiJjbXQxMHN1OWwwMDAyY3d2dGVwMm1nNmJzIiwiaWF0IjoxNzkwNzc5MDIyLCJleHAiOjE3OTEzODM4MjJ9.q8rFUVZcP0Ur6HYYWm6h1Yls_ExN1ZL_uLiNXEbMXn4:0
[ 4914764ms] [ERROR] Failed to load resource: net::ERR_CONNECTION_RESET @ http://localhost:3000/notifications/stream?token=eyJhbGciOiJIUzI1NiIsInR5cCI6IkpXVCJ9.eyJzdWIiOiJjbXQxMHN1OWwwMDAyY3d2dGVwMm1nNmJzIiwiaWF0IjoxNzkwNzc5MDIyLCJleHAiOjE3OTEzODM4MjJ9.q8rFUVZcP0Ur6HYYWm6h1Yls_ExN1ZL_uLiNXEbMXn4:0
[ 5104212ms] [ERROR] Failed to load resource: the server responded with a status of 404 (Not Found) @ http://localhost:3000/leads/cmuo8so5z001n8cexnpn5jqvo:0
[ 5366263ms] [INFO] %cDownload the React DevTools for a better development experience: https://react.dev/link/react-devtools font-weight:bold @ http://localhost:5173/node_modules/.vite/deps/react-dom_client.js?v=a60b3a79:14336
[ 7432357ms] [ERROR] Failed to load resource: net::ERR_CONNECTION_RESET @ http://localhost:3000/notifications/stream?token=eyJhbGciOiJIUzI1NiIsInR5cCI6IkpXVCJ9.eyJzdWIiOiJjbXQxMHN1OWwwMDAyY3d2dGVwMm1nNmJzIiwiaWF0IjoxNzkwNzc5MDIyLCJleHAiOjE3OTEzODM4MjJ9.q8rFUVZcP0Ur6HYYWm6h1Yls_ExN1ZL_uLiNXEbMXn4:0
[ 7459953ms] [ERROR] Failed to load resource: net::ERR_CONNECTION_RESET @ http://localhost:3000/notifications/stream?token=eyJhbGciOiJIUzI1NiIsInR5cCI6IkpXVCJ9.eyJzdWIiOiJjbXQxMHN1OWwwMDAyY3d2dGVwMm1nNmJzIiwiaWF0IjoxNzkwNzc5MDIyLCJleHAiOjE3OTEzODM4MjJ9.q8rFUVZcP0Ur6HYYWm6h1Yls_ExN1ZL_uLiNXEbMXn4:0
[ 7483712ms] [ERROR] Failed to load resource: net::ERR_CONNECTION_RESET @ http://localhost:3000/notifications/stream?token=eyJhbGciOiJIUzI1NiIsInR5cCI6IkpXVCJ9.eyJzdWIiOiJjbXQxMHN1OWwwMDAyY3d2dGVwMm1nNmJzIiwiaWF0IjoxNzkwNzc5MDIyLCJleHAiOjE3OTEzODM4MjJ9.q8rFUVZcP0Ur6HYYWm6h1Yls_ExN1ZL_uLiNXEbMXn4:0
[ 7494107ms] [ERROR] Failed to load resource: net::ERR_CONNECTION_RESET @ http://localhost:3000/notifications/stream?token=eyJhbGciOiJIUzI1NiIsInR5cCI6IkpXVCJ9.eyJzdWIiOiJjbXQxMHN1OWwwMDAyY3d2dGVwMm1nNmJzIiwiaWF0IjoxNzkwNzc5MDIyLCJleHAiOjE3OTEzODM4MjJ9.q8rFUVZcP0Ur6HYYWm6h1Yls_ExN1ZL_uLiNXEbMXn4:0
[ 7530805ms] [ERROR] Failed to load resource: net::ERR_CONNECTION_RESET @ http://localhost:3000/notifications/stream?token=eyJhbGciOiJIUzI1NiIsInR5cCI6IkpXVCJ9.eyJzdWIiOiJjbXQxMHN1OWwwMDAyY3d2dGVwMm1nNmJzIiwiaWF0IjoxNzkwNzc5MDIyLCJleHAiOjE3OTEzODM4MjJ9.q8rFUVZcP0Ur6HYYWm6h1Yls_ExN1ZL_uLiNXEbMXn4:0
[ 7533821ms] [ERROR] Failed to load resource: net::ERR_CONNECTION_REFUSED @ http://localhost:3000/notifications/stream?token=eyJhbGciOiJIUzI1NiIsInR5cCI6IkpXVCJ9.eyJzdWIiOiJjbXQxMHN1OWwwMDAyY3d2dGVwMm1nNmJzIiwiaWF0IjoxNzkwNzc5MDIyLCJleHAiOjE3OTEzODM4MjJ9.q8rFUVZcP0Ur6HYYWm6h1Yls_ExN1ZL_uLiNXEbMXn4:0
[ 7540462ms] [ERROR] Failed to load resource: net::ERR_CONNECTION_RESET @ http://localhost:3000/notifications/stream?token=eyJhbGciOiJIUzI1NiIsInR5cCI6IkpXVCJ9.eyJzdWIiOiJjbXQxMHN1OWwwMDAyY3d2dGVwMm1nNmJzIiwiaWF0IjoxNzkwNzc5MDIyLCJleHAiOjE3OTEzODM4MjJ9.q8rFUVZcP0Ur6HYYWm6h1Yls_ExN1ZL_uLiNXEbMXn4:0
[ 7546935ms] [ERROR] Failed to load resource: net::ERR_CONNECTION_RESET @ http://localhost:3000/notifications/stream?token=eyJhbGciOiJIUzI1NiIsInR5cCI6IkpXVCJ9.eyJzdWIiOiJjbXQxMHN1OWwwMDAyY3d2dGVwMm1nNmJzIiwiaWF0IjoxNzkwNzc5MDIyLCJleHAiOjE3OTEzODM4MjJ9.q8rFUVZcP0Ur6HYYWm6h1Yls_ExN1ZL_uLiNXEbMXn4:0
[ 7640363ms] [ERROR] Failed to load resource: net::ERR_CONNECTION_RESET @ http://localhost:3000/notifications/stream?token=eyJhbGciOiJIUzI1NiIsInR5cCI6IkpXVCJ9.eyJzdWIiOiJjbXQxMHN1OWwwMDAyY3d2dGVwMm1nNmJzIiwiaWF0IjoxNzkwNzc5MDIyLCJleHAiOjE3OTEzODM4MjJ9.q8rFUVZcP0Ur6HYYWm6h1Yls_ExN1ZL_uLiNXEbMXn4:0
[ 7692894ms] [ERROR] Failed to load resource: net::ERR_CONNECTION_RESET @ http://localhost:3000/notifications/stream?token=eyJhbGciOiJIUzI1NiIsInR5cCI6IkpXVCJ9.eyJzdWIiOiJjbXQxMHN1OWwwMDAyY3d2dGVwMm1nNmJzIiwiaWF0IjoxNzkwNzc5MDIyLCJleHAiOjE3OTEzODM4MjJ9.q8rFUVZcP0Ur6HYYWm6h1Yls_ExN1ZL_uLiNXEbMXn4:0
[ 8004045ms] [LOG] [vite] server connection lost. Polling for restart... @ http://localhost:5173/@vite/client:992
[ 8004057ms] [ERROR] Failed to load resource: net::ERR_NETWORK_IO_SUSPENDED @ http://localhost:3000/notifications/stream?token=eyJhbGciOiJIUzI1NiIsInR5cCI6IkpXVCJ9.eyJzdWIiOiJjbXQxMHN1OWwwMDAyY3d2dGVwMm1nNmJzIiwiaWF0IjoxNzkwNzc5MDIyLCJleHAiOjE3OTEzODM4MjJ9.q8rFUVZcP0Ur6HYYWm6h1Yls_ExN1ZL_uLiNXEbMXn4:0
[ 8157003ms] [INFO] %cDownload the React DevTools for a better development experience: https://react.dev/link/react-devtools font-weight:bold @ http://localhost:5173/node_modules/.vite/deps/react-dom_client.js?v=a60b3a79:14336
[ 8158127ms] [ERROR] Failed to load resource: net::ERR_NETWORK_CHANGED @ http://localhost:3000/auth/me:0
[ 8703153ms] [ERROR] Failed to load resource: net::ERR_CONNECTION_RESET @ http://localhost:3000/notifications/stream?token=eyJhbGciOiJIUzI1NiIsInR5cCI6IkpXVCJ9.eyJzdWIiOiJjbXQxMHN1OWwwMDAyY3d2dGVwMm1nNmJzIiwiaWF0IjoxNzkwNzc5MDIyLCJleHAiOjE3OTEzODM4MjJ9.q8rFUVZcP0Ur6HYYWm6h1Yls_ExN1ZL_uLiNXEbMXn4:0
[ 8868250ms] [INFO] %cDownload the React DevTools for a better development experience: https://react.dev/link/react-devtools font-weight:bold @ http://localhost:5173/node_modules/.vite/deps/react-dom_client.js?v=a60b3a79:14336
